// Jest Snapshot v1, https://goo.gl/fbAQLP

exports[`<FlatButton /> should has same snapshot 1`] = `
<View
  accessibilityState={
    {
      "busy": undefined,
      "checked": undefined,
      "disabled": undefined,
      "expanded": undefined,
      "selected": undefined,
    }
  }
  accessibilityValue={
    {
      "max": undefined,
      "min": undefined,
      "now": undefined,
      "text": undefined,
    }
  }
  accessible={true}
  collapsable={false}
  focusable={true}
  onClick={[Function]}
  onResponderGrant={[Function]}
  onResponderMove={[Function]}
  onResponderRelease={[Function]}
  onResponderTerminate={[Function]}
  onResponderTerminationRequest={[Function]}
  onStartShouldSetResponder={[Function]}
  style={
    {
      "opacity": 1,
    }
  }
>
  <Text
    style={
      {
        "color": "#567189",
        "fontFamily": "System",
        "fontSize": 24.57142857142857,
        "marginVertical": 9.142857142857142,
        "textAlign": undefined,
      }
    }
  >
    <Text>
      Tap it
    </Text>
  </Text>
</View>
`;
